// Jest Snapshot v1, https://goo.gl/fbAQLP

exports[`Investors.vue renders Investors component when mounted 1`] = `
<section
  class="text-center"
  id="investors"
>
  <h2
    class="common-title animated fadeInUp mobile-padding-0-2 investors-title"
  >
    Our Investors
  </h2>
   
  <div
    class="our-investors container"
  >
    <div
      class="row mt-5 mobile-padding-0-2 mobile-margin-2"
    >
      <div
        class="col-lg-6 col-md-6 col-12"
      >
        <div
          class="main-container p-5"
        >
          <img
            alt="bg"
            class="w-100 y-combinator"
            src="../../assets/images/investors/ycombinator.svg"
          />
        </div>
      </div>
       
      <div
        class="col-lg-6 col-md-6 col-12"
      >
        <div
          class="main-container p-5 desktop-mt-2"
        >
          <img
            alt="bg"
            class="w-100"
            src="../../assets/images/investors/monk.svg"
          />
        </div>
      </div>
       
      <div
        class="col-lg-6 col-md-6 col-12"
      >
        <div
          class="main-container p-5 mt-4"
        >
          <img
            alt="bg"
            class="w-100 strive"
            src="../../assets/images/investors/strive.svg"
          />
        </div>
      </div>
       
      <div
        class="col-lg-6 col-md-6 col-12"
      >
        <div
          class="main-container p-5 mt-4"
        >
          <img
            alt="bg"
            class="w-100"
            src="../../assets/images/investors/wavemaker.svg"
          />
        </div>
      </div>
    </div>
  </div>
   
  <div
    class="the-future bg-primary m-5 desktop-only"
  >
    <h3
      class="mb-4 title animated fadeInUp see-the-future"
    >
      See the future
    </h3>
     
    <a
      class="btn bg-white future-btn px-5 get-demo py-2"
      href="#"
    >
      Get a Demo
    </a>
     
    <a
      class="btn btn-outline ml-3 text-white future-btn border-white px-5 py-2 read-use-cases"
      href="#"
    >
      Read use cases
    </a>
  </div>
   
  <div
    class="the-mobile-future bg-primary-img mobile-only"
  >
    <h3
      class="mb-4 title animated fadeInUp"
    >
      See the future
    </h3>
     
    <a
      class="btn bg-white future-btn get-demo"
      href="#"
    >
      Get a Demo
    </a>
     
    <a
      class="btn btn-outline mt-3 text-white future-btn border-white"
      href="#"
    >
      Read use cases
    </a>
  </div>
</section>
`;
